
  ___  ____  ____  ____  ____ (R)
 /__    /   ____/   /   ____/
___/   /   /___/   /   /___/   16.1   Copyright 1985-2019 StataCorp LLC
  Statistics/Data analysis            StataCorp
                                      4905 Lakeway Drive
     Special Edition                  College Station, Texas 77845 USA
                                      800-STATA-PC        https://www.stata.com
                                      979-696-4600        stata@stata.com
                                      979-696-4601 (fax)

Stata license: 120-user network perpetual
Serial number: 401606201670
  Licensed to: Brown University
               Brown University

Notes:
      1. Stata is running in batch mode.
      2. Unicode is supported; see help unicode_advice.
      3. Maximum number of variables is set to 5,000; see help set_maxvar.

. do "code\build.do" 

. clear all

. version 15

. set more off

. 
. program main
  1.     local indir  "../../../examples/source/raw/eventstudy_illustration_dat
> a/orig"
  2.     local outdir "."
  3. 
.     use "`indir'/simulation_data_dynamic.dta", clear
  4. 
. 
.     local G 1
  5.     local LG 2
  6.     local M 1
  7.     local LM 2
  8.     local furthest_lead = `G' + `LG'
  9.     local furthest_lag  = `M' + `LM'
 10.     local M_minus1 = `M' - 1
 11.     local furthest_lag_minus1 = `furthest_lag' - 1
 12. 
.     xtset id t
 13.     gen zfd = d.z
 14. 
.     local leads
 15.     forvalues i = 2/`furthest_lead' {
 16.         local leads `leads' f`i'.zfd
 17.     }
 18.     display "`leads'"   
 19.     local lags
 20.     forvalues i = 1/`furthest_lag_minus1' {
 21.         local lags `lags' l`i'.zfd
 22.     }
 23.             
.     eststo: reg y_base zfd x_r `lags' `leads' f`furthest_lead'.z l`furthest_l
> ag'.z i.t i.id, vce(cluster id)
 24. 
.     esttab * using "`outdir'/df_test_base_STATA.csv", csv plain wide noobs //
> /
>         keep(x_r zfd L.zfd L2.zfd F2.zfd F3.zfd F3.z L3.z) ///
>         replace se nomtitles collabels("coef" "std_error") 
 25. 
.     eststo clear 
 26.     eststo: reg y_base z i.t i.id, vce(cluster id)
 27. 
.     esttab * using "`outdir'/df_test_base_STATA_allzero.csv", csv plain wide 
> noobs ///
>         keep(z) ///
>         replace se nomtitles collabels("coef" "std_error") 
 28. 
. end

. 
. 
. main
       panel variable:  id (strongly balanced)
        time variable:  t, 1 to 40
                delta:  1 unit
(50 missing values generated)
f2.zfd f3.zfd

Linear regression                               Number of obs     =      1,700
                                                F(40, 49)         =          .
                                                Prob > F          =          .
                                                R-squared         =     0.0612
                                                Root MSE          =     .71094

                                    (Std. Err. adjusted for 50 clusters in id)
------------------------------------------------------------------------------
             |               Robust
      y_base |      Coef.   Std. Err.      t    P>|t|     [95% Conf. Interval]
-------------+----------------------------------------------------------------
         zfd |   .0774304   .1290923     0.60   0.551    -.1819903    .3368512
         x_r |  -.0522901     .02916    -1.79   0.079    -.1108893     .006309
             |
         zfd |
         L1. |   .3167293   .1759148     1.80   0.078    -.0367847    .6702433
         L2. |   .2994021   .1529249     1.96   0.056    -.0079121    .6067163
         F2. |   .0770573   .1660454     0.46   0.645    -.2566234     .410738
         F3. |   .1157483   .1619981     0.71   0.478    -.2097992    .4412957
             |
           z |
         F3. |  -.1641421   .1424652    -1.15   0.255    -.4504366    .1221524
         L3. |   .2121165   .1309685     1.62   0.112    -.0510746    .4753076
             |
           t |
          5  |  -.1526381   .1454392    -1.05   0.299    -.4449092     .139633
          6  |  -.1904464   .1429412    -1.33   0.189    -.4776974    .0968046
          7  |    .074045   .1318899     0.56   0.577    -.1909977    .3390877
          8  |  -.0378849   .1313072    -0.29   0.774    -.3017566    .2259869
          9  |   .0136527    .141023     0.10   0.923    -.2697435     .297049
         10  |  -.0648351   .1288269    -0.50   0.617    -.3237223    .1940522
         11  |    .093293   .1301077     0.72   0.477    -.1681682    .3547542
         12  |   .0115639   .1462859     0.08   0.937    -.2824087    .3055365
         13  |   .1929659   .1352736     1.43   0.160    -.0788766    .4648083
         14  |   .0731181   .1707806     0.43   0.670    -.2700784    .4163147
         15  |  -.0281047   .1443296    -0.19   0.846    -.3181458    .2619364
         16  |   .1982593   .1312407     1.51   0.137    -.0654789    .4619974
         17  |   .1619301   .1430845     1.13   0.263     -.125609    .4494691
         18  |   .0270408   .1474069     0.18   0.855    -.2691844    .3232661
         19  |   .0931976    .128506     0.73   0.472     -.165045    .3514401
         20  |   .0432251   .1410983     0.31   0.761    -.2403225    .3267727
         21  |  -.0413186   .1335389    -0.31   0.758     -.309675    .2270379
         22  |    .064279   .1557667     0.41   0.682    -.2487459    .3773039
         23  |  -.0243622   .1302093    -0.19   0.852    -.2860277    .2373032
         24  |    .141283    .142068     0.99   0.325    -.1442134    .4267795
         25  |   .0712067   .1273963     0.56   0.579    -.1848057    .3272192
         26  |   .1787212   .1248305     1.43   0.159     -.072135    .4295774
         27  |  -.0190914   .1328586    -0.14   0.886    -.2860808     .247898
         28  |  -.1354734   .1457681    -0.93   0.357    -.4284053    .1574585
         29  |   .1339202   .1368544     0.98   0.333     -.141099    .4089393
         30  |  -.0243796   .1265326    -0.19   0.848    -.2786564    .2298972
         31  |   -.144368   .1695762    -0.85   0.399    -.4851441    .1964081
         32  |  -.0327379   .1532143    -0.21   0.832    -.3406335    .2751578
         33  |   .0306712   .1294124     0.24   0.814    -.2293927    .2907351
         34  |  -.0227355   .1337202    -0.17   0.866    -.2914563    .2459853
         35  |  -.1065482   .1298579    -0.82   0.416    -.3675074    .1544109
         36  |   .2542031   .1448331     1.76   0.085    -.0368499    .5452561
         37  |  -.1061674   .1443522    -0.74   0.466    -.3962539    .1839191
             |
          id |
          2  |   .1459089    .060311     2.42   0.019     .0247093    .2671084
          3  |   .0743312   .0269319     2.76   0.008     .0202094    .1284529
          4  |   .1613528    .002481    65.03   0.000     .1563671    .1663386
          5  |  -.0507336   .0010341   -49.06   0.000    -.0528117   -.0486554
          6  |    .077483   .0580695     1.33   0.188     -.039212    .1941779
          7  |  -.1446639   .0123616   -11.70   0.000    -.1695055   -.1198222
          8  |   .0140404   .0582277     0.24   0.810    -.1029726    .1310533
          9  |   .3394241    .005012    67.72   0.000     .3293521     .349496
         10  |   .0219084   .0249215     0.88   0.384    -.0281731      .07199
         11  |  -.0481204   .0007353   -65.44   0.000    -.0495981   -.0466427
         12  |   .2193471   .0045834    47.86   0.000     .2101365    .2285577
         13  |   .0563589   .0126031     4.47   0.000      .031032    .0816858
         14  |   -.028375   .0315503    -0.90   0.373    -.0917776    .0350276
         15  |   .0664728   .0092063     7.22   0.000     .0479721    .0849734
         16  |  -.1189224   .0383367    -3.10   0.003     -.195963   -.0418818
         17  |   .0096032   .0359093     0.27   0.790    -.0625592    .0817655
         18  |   .2278309   .0402305     5.66   0.000     .1469848     .308677
         19  |  -.0693751     .01297    -5.35   0.000    -.0954391    -.043311
         20  |   .2119318   .0026337    80.47   0.000     .2066391    .2172245
         21  |    .048797   .0156292     3.12   0.003     .0173891     .080205
         22  |   .1348946   .0112033    12.04   0.000     .1123807    .1574086
         23  |  -.0927968   .0076575   -12.12   0.000    -.1081852   -.0774085
         24  |    .168232   .0207238     8.12   0.000      .126586    .2098779
         25  |   .0778902   .0023026    33.83   0.000     .0732629    .0825175
         26  |  -.0149779   .0247394    -0.61   0.548    -.0646935    .0347378
         27  |   .4136009   .0113194    36.54   0.000     .3908537    .4363482
         28  |    .082487   .0607301     1.36   0.181    -.0395547    .2045286
         29  |   .2457413   .0405333     6.06   0.000     .1642865    .3271961
         30  |  -.0582759   .0094619    -6.16   0.000    -.0772904   -.0392615
         31  |    .081371   .0022795    35.70   0.000     .0767901    .0859519
         32  |  -.0794742   .0154187    -5.15   0.000    -.1104592   -.0484892
         33  |   .1317514   .0559238     2.36   0.023     .0193683    .2441345
         34  |   .0312854   .0115268     2.71   0.009     .0081214    .0544494
         35  |   .0270689   .0154631     1.75   0.086    -.0040053    .0581432
         36  |   .0829455   .0581154     1.43   0.160    -.0338418    .1997329
         37  |   .1963958   .0200795     9.78   0.000     .1560445     .236747
         38  |   .0368808   .0045685     8.07   0.000     .0277001    .0460616
         39  |  -.0823707   .0581842    -1.42   0.163    -.1992961    .0345548
         40  |   .1682335   .0250534     6.72   0.000     .1178868    .2185801
         41  |   .1795349   .0099725    18.00   0.000     .1594945    .1995753
         42  |  -.0320767   .0638169    -0.50   0.617    -.1603215     .096168
         43  |  -.0422794   .0501705    -0.84   0.403    -.1431008     .058542
         44  |   .2713197   .0378799     7.16   0.000     .1951971    .3474423
         45  |  -.0065826   .0609292    -0.11   0.914    -.1290244    .1158592
         46  |   .3225924   .0224482    14.37   0.000     .2774811    .3677037
         47  |   .1819928   .0514739     3.54   0.001     .0785522    .2854334
         48  |   .1519617   .0071527    21.25   0.000     .1375879    .1663356
         49  |   .2264424   .0432713     5.23   0.000     .1394854    .3133993
         50  |  -.0295692   .0496754    -0.60   0.554    -.1293957    .0702572
             |
       _cons |  -.0440675   .0928195    -0.47   0.637    -.2305953    .1424602
------------------------------------------------------------------------------
(est1 stored)
(output written to ./df_test_base_STATA.csv)

Linear regression                               Number of obs     =      2,000
                                                F(39, 49)         =          .
                                                Prob > F          =          .
                                                R-squared         =     0.0516
                                                Root MSE          =     .71616

                                    (Std. Err. adjusted for 50 clusters in id)
------------------------------------------------------------------------------
             |               Robust
      y_base |      Coef.   Std. Err.      t    P>|t|     [95% Conf. Interval]
-------------+----------------------------------------------------------------
           z |   .1045735   .0575732     1.82   0.075    -.0111243    .2202712
             |
           t |
          2  |   .0852134   .1440337     0.59   0.557    -.2042332      .37466
          3  |   .1103225   .1650983     0.67   0.507    -.2214549    .4420999
          4  |   .0497681   .1344703     0.37   0.713    -.2204602    .3199963
          5  |  -.1069034   .1414902    -0.76   0.454    -.3912387    .1774319
          6  |  -.1460328   .1416925    -1.03   0.308    -.4307746     .138709
          7  |   .1404115   .1179926     1.19   0.240    -.0967036    .3775266
          8  |   .0210857   .1427556     0.15   0.883    -.2657924    .3079638
          9  |   .0565779   .1200029     0.47   0.639    -.1845768    .2977327
         10  |  -.0182506   .1168016    -0.16   0.876    -.2529721     .216471
         11  |   .1394729   .1415101     0.99   0.329    -.1449023    .4238481
         12  |   .0606963   .1582264     0.38   0.703    -.2572716    .3786641
         13  |   .2387516   .1462659     1.63   0.109    -.0551806    .5326839
         14  |   .1111059   .1348211     0.82   0.414    -.1598272    .3820391
         15  |   .0076739   .1382754     0.06   0.956    -.2702009    .2855486
         16  |   .2477886   .1383595     1.79   0.079    -.0302553    .5258325
         17  |   .2059572   .1400212     1.47   0.148    -.0754261    .4873404
         18  |   .0661326   .1408474     0.47   0.641     -.216911    .3491761
         19  |   .1322644   .1417095     0.93   0.355    -.1525116    .4170403
         20  |   .0725305    .148301     0.49   0.627    -.2254915    .3705524
         21  |  -.0177884   .1430441    -0.12   0.902    -.3052462    .2696695
         22  |   .1081663   .1658422     0.65   0.517     -.225106    .4414386
         23  |   .0180967    .131285     0.14   0.891    -.2457304    .2819239
         24  |   .1755875   .1475705     1.19   0.240    -.1209664    .4721415
         25  |   .1030523    .129458     0.80   0.430    -.1571033    .3632079
         26  |   .2031583   .1457887     1.39   0.170    -.0898151    .4961316
         27  |   .0060961   .1460412     0.04   0.967    -.2873847    .2995768
         28  |  -.1118908   .1728891    -0.65   0.521    -.4593245    .2355428
         29  |   .1681574   .1620849     1.04   0.305    -.1575645    .4938793
         30  |   .0057808   .1424864     0.04   0.968    -.2805563    .2921179
         31  |  -.1393704   .1624256    -0.86   0.395    -.4657769     .187036
         32  |  -.0226526   .1458276    -0.16   0.877    -.3157041    .2703988
         33  |   .0553018   .1422905     0.39   0.699    -.2306417    .3412453
         34  |  -.0178626   .1297288    -0.14   0.891    -.2785624    .2428372
         35  |  -.0872713   .1388537    -0.63   0.533    -.3663083    .1917657
         36  |   .2602425   .1660272     1.57   0.123    -.0734017    .5938868
         37  |  -.1049618   .1683685    -0.62   0.536     -.443311    .2333874
         38  |  -.2047011   .1450684    -1.41   0.165    -.4962269    .0868247
         39  |  -.0243509   .1744227    -0.14   0.890    -.3748665    .3261647
         40  |   .0851936   .1569686     0.54   0.590    -.2302467    .4006339
             |
          id |
          2  |   .1173035   .0403013     2.91   0.005      .036315    .1982919
          3  |   .1370343    .017272     7.93   0.000      .102325    .1717436
          4  |   .2151478   .0014393   149.48   0.000     .2122554    .2180403
          5  |  -.0113983   4.38e-16 -2.6e+13   0.000    -.0113983   -.0113983
          6  |    .111504   .0374226     2.98   0.004     .0363005    .1867075
          7  |  -.0971289   .0071967   -13.50   0.000    -.1115911   -.0826667
          8  |    .003894   .0374226     0.10   0.918    -.0713095    .0790976
          9  |   .3467114   .0028787   120.44   0.000     .3409265    .3524963
         10  |  -.0501721   .0158326    -3.17   0.003     -.081989   -.0183553
         11  |  -.0593894   4.38e-16 -1.4e+14   0.000    -.0593894   -.0593894
         12  |   .3029688   .0028787   105.25   0.000     .2971839    .3087537
         13  |   .1422964   .0071967    19.77   0.000     .1278341    .1567586
         14  |  -.0292612   .0201506    -1.45   0.153    -.0697554     .011233
         15  |   .1445252   .0057573    25.10   0.000     .1329555     .156095
         16  |  -.1048929   .0244686    -4.29   0.000    -.1540645   -.0557214
         17  |   .0656318   .0230293     2.85   0.006     .0193527    .1119109
         18  |   .1611097    .025908     6.22   0.000     .1090457    .2131737
         19  |   -.091211   .0071967   -12.67   0.000    -.1056732   -.0767488
         20  |   .1262529   4.69e-16  2.7e+14   0.000     .1262529    .1262529
         21  |   .0659261   .0100753     6.54   0.000      .045679    .0861732
         22  |   .0810358   .0071967    11.26   0.000     .0665736     .095498
         23  |  -.0267899    .004318    -6.20   0.000    -.0354672   -.0181125
         24  |   .1958096    .012954    15.12   0.000     .1697776    .2218416
         25  |   .1237308   .0014393    85.96   0.000     .1208384    .1266232
         26  |  -.0069571   .0158326    -0.44   0.662     -.038774    .0248598
         27  |   .3623014   .0057573    62.93   0.000     .3507317    .3738712
         28  |   .0809552   .0403013     2.01   0.050    -.0000332    .1619436
         29  |   .1950779    .025908     7.53   0.000     .1430139    .2471418
         30  |  -.0240905   .0057573    -4.18   0.000    -.0356603   -.0125208
         31  |   .0739401   .0014393    51.37   0.000     .0710476    .0768325
         32  |   -.049107   .0100753    -4.87   0.000    -.0693541   -.0288599
         33  |   .1104751   .0359833     3.07   0.003      .038164    .1827862
         34  |   .0873351   .0071967    12.14   0.000     .0728728    .1017973
         35  |   .0775737   .0100753     7.70   0.000     .0573266    .0978208
         36  |   .0422887   .0374226     1.13   0.264    -.0329148    .1174922
         37  |   .1835637    .012954    14.17   0.000     .1575317    .2095957
         38  |   .1951069   .0028787    67.78   0.000      .189322    .2008918
         39  |  -.0833443   .0374226    -2.23   0.031    -.1585479   -.0081408
         40  |   .1630844   .0158326    10.30   0.000     .1312675    .1949013
         41  |   .2230359   .0057573    38.74   0.000     .2114661    .2346057
         42  |  -.0667255   .0446193    -1.50   0.141    -.1563912    .0229403
         43  |  -.0211633   .0316653    -0.67   0.507     -.084797    .0424705
         44  |   .1476564   .0244686     6.03   0.000     .0984849     .196828
         45  |  -.0118422   .0388619    -0.30   0.762    -.0899382    .0662537
         46  |   .3297622   .0143933    22.91   0.000     .3008378    .3586867
         47  |   .0981667   .0331046     2.97   0.005     .0316405    .1646929
         48  |    .159272    .004318    36.89   0.000     .1505947    .1679493
         49  |   .2416093   .0273473     8.83   0.000     .1866529    .2965657
         50  |  -.0229275   .0316653    -0.72   0.472    -.0865613    .0407062
             |
       _cons |  -.1650795   .0981703    -1.68   0.099    -.3623602    .0322011
------------------------------------------------------------------------------
(est1 stored)
(output written to ./df_test_base_STATA_allzero.csv)

. 
end of do-file
